// Jest Snapshot v1, https://goo.gl/fbAQLP

exports[`TransactionActivityLog Component should match snapshot 1`] = `
<div>
  <div
    class="transaction-activity-log test-class"
  >
    <div
      class="transaction-activity-log__title"
    >
      Activity log
    </div>
    <div
      class="transaction-activity-log__activities-container"
    >
      <div
        class="transaction-activity-log__activity"
      >
        <div
          class="transaction-activity-log-icon transaction-activity-log__activity-icon"
        >
          <span
            class="mm-box mm-icon mm-icon--size-sm mm-box--display-inline-block mm-box--color-icon-default"
            style="mask-image: url('./images/icons/add.svg');"
          />
        </div>
        <div
          class="transaction-activity-log__entry-container"
        >
          <div
            class="transaction-activity-log__activity-text"
            title="Transaction created with a value of 0.01 ETH at 13:13 on 12/4/2018."
          >
            Transaction created with a value of 0.01 ETH at 13:13 on 12/4/2018.
          </div>
        </div>
      </div>
      <div
        class="transaction-activity-log__activity"
      >
        <div
          class="transaction-activity-log-icon transaction-activity-log__activity-icon"
        >
          <span
            class="mm-box mm-icon mm-icon--size-sm mm-box--display-inline-block mm-box--color-icon-default"
            style="mask-image: url('./images/icons/arrow-up.svg');"
          />
        </div>
        <div
          class="transaction-activity-log__entry-container"
        >
          <div
            class="transaction-activity-log__activity-text"
            title="Transaction submitted with estimated gas fee of 0.000021 ETH at 13:13 on 12/4/2018."
          >
            Transaction submitted with estimated gas fee of 0.000021 ETH at 13:13 on 12/4/2018.
          </div>
        </div>
      </div>
      <div
        class="transaction-activity-log__activity"
      >
        <div
          class="transaction-activity-log-icon transaction-activity-log__activity-icon"
        >
          <span
            class="mm-box mm-icon mm-icon--size-sm mm-box--display-inline-block mm-box--color-icon-default"
            style="mask-image: url('./images/icons/programming-arrows.svg');"
          />
        </div>
        <div
          class="transaction-activity-log__entry-container"
        >
          <div
            class="transaction-activity-log__activity-text"
            title="Transaction resubmitted with estimated gas fee increased to 0.000023 ETH at 13:13 on 12/4/2018"
          >
            Transaction resubmitted with estimated gas fee increased to 0.000023 ETH at 13:13 on 12/4/2018
          </div>
        </div>
      </div>
      <div
        class="transaction-activity-log__activity"
      >
        <div
          class="transaction-activity-log-icon transaction-activity-log__activity-icon"
        >
          <span
            class="mm-box mm-icon mm-icon--size-sm mm-box--display-inline-block mm-box--color-icon-default"
            style="mask-image: url('./images/icons/check.svg');"
          />
        </div>
        <div
          class="transaction-activity-log__entry-container"
        >
          <div
            class="transaction-activity-log__activity-text"
            title="Transaction confirmed at 13:13 on 12/4/2018."
          >
            Transaction confirmed at 13:13 on 12/4/2018.
          </div>
        </div>
      </div>
    </div>
  </div>
</div>
`;
