// Jest Snapshot v1, https://goo.gl/fbAQLP

exports[`Confirm Reset Account should match snapshot 1`] = `
<div>
  <div
    class="modal-container"
  >
    <div
      class="modal-container__content"
    >
      <div
        class="modal-content"
      >
        <div
          class="modal-content__title"
        >
          Clear activity and nonce data?
        </div>
        <div
          class="modal-content__description"
        >
          This resets the account's nonce and erases data from the activity tab in your wallet. Only the current account and network will be affected. Your balances and incoming transactions won't change.
        </div>
      </div>
    </div>
    <div
      class="modal-container__footer"
    >
      <button
        class="button btn-secondary modal-container__footer-button"
      >
        Nevermind
      </button>
      <button
        class="button btn-danger-primary modal-container__footer-button"
      >
        Clear
      </button>
    </div>
  </div>
</div>
`;
