// Jest Snapshot v1, https://goo.gl/fbAQLP

exports[`Reject Transactions Model should match snapshot 1`] = `
<div>
  <div
    class="modal-container"
  >
    <div
      class="modal-container__header"
    >
      <div
        class="modal-container__header-text"
      >
        Reject 2 transactions
      </div>
      <div
        class="modal-container__header-close"
        data-testid="modal-header-close"
      />
    </div>
    <div
      class="modal-container__content"
    >
      <div>
        <div
          class="reject-transactions__description"
        >
          You are about to batch reject 2 transactions.
        </div>
      </div>
    </div>
    <div
      class="modal-container__footer"
    >
      <button
        class="button btn-secondary modal-container__footer-button"
      >
        Cancel
      </button>
      <button
        class="button btn-primary modal-container__footer-button"
      >
        Reject all
      </button>
    </div>
  </div>
</div>
`;
